******************************************************************************
                  TI ARM Linker PC v5.2.5                      
******************************************************************************
>> Linked Mon May 02 14:31:00 2016

OUTPUT FILE NAME:   <OLED.out>
ENTRY POINT SYMBOL: "_c_int00"  address: 20008689


MEMORY CONFIGURATION

         name            origin    length      used     unused   attr    fill
----------------------  --------  ---------  --------  --------  ----  --------
  SRAM_CODE             20004000   00013000  00005426  0000dbda  RW X
  SRAM_DATA             20017000   00019000  00001178  00017e88  RW X


SEGMENT ALLOCATION MAP

run origin  load origin   length   init length attrs members
----------  ----------- ---------- ----------- ----- -------
20004000    20004000    00005428   00005428    r-x
  20004000    20004000    00000400   00000400    r-- .intvecs
  20004400    20004400    0000477a   0000477a    r-x .text
  20008b7c    20008b7c    00000824   00000824    r-- .const
  200093a0    200093a0    00000088   00000088    r-- .cinit
20017000    20017000    00000978   00000000    rw-
  20017000    20017000    00000800   00000000    rw- .sysmem
  20017800    20017800    00000174   00000000    rw- .data
  20017974    20017974    00000004   00000000    rw- .bss
2002f800    2002f800    00000800   00000000    rw-
  2002f800    2002f800    00000800   00000000    rw- .stack


SECTION ALLOCATION MAP

 output                                  attributes/
section   page    origin      length       input sections
--------  ----  ----------  ----------   ----------------
.intvecs   0    20004000    00000400     
                  20004000    00000400     startup_ccs.obj (.intvecs)

.init_array 
*          0    20004000    00000000     UNINITIALIZED

.text      0    20004400    0000477a     
                  20004400    000010a6     rtsv7M4_T_le_eabi.lib : _printfi.obj (.text)
                  200054a6    00000002     --HOLE-- [fill = 0]
                  200054a8    00000a80     Adafruit_GFX.obj (.text)
                  20005f28    000007c4     test.obj (.text)
                  200066ec    00000476     Adafruit_OLED.obj (.text)
                  20006b62    00000002     --HOLE-- [fill = 0]
                  20006b64    000003dc     rtsv7M4_T_le_eabi.lib : memory.obj (.text)
                  20006f40    00000280     uart_if.obj (.text)
                  200071c0    000001f4     rtsv7M4_T_le_eabi.lib : ull_div_t2.obj (.text)
                  200073b4    000001b6                           : fd_add_t2.obj (.text)
                  2000756a    00000002     --HOLE-- [fill = 0]
                  2000756c    00000180     main.obj (.text)
                  200076ec    00000178     driverlib.a : prcm.obj (.text:PRCMCC3200MCUInit)
                  20007864    00000136     rtsv7M4_T_le_eabi.lib : fd_div_t2.obj (.text)
                  2000799a    00000002     --HOLE-- [fill = 0]
                  2000799c    00000110                           : xdscale.obj (.text)
                  20007aac    000000fc                           : fd_mul_t2.obj (.text)
                  20007ba8    000000be                           : xdnorm.obj (.text)
                  20007c66    00000002     --HOLE-- [fill = 0]
                  20007c68    000000a8     driverlib.a : interrupt.obj (.text:IntEnable)
                  20007d10    000000a0                 : spi.obj (.text:SPIConfigSetExpClk)
                  20007db0    0000009c     rtsv7M4_T_le_eabi.lib : memcpy_t2.obj (.text)
                  20007e4c    00000094     driverlib.a : prcm.obj (.text:PRCMPeripheralClockGet)
                  20007ee0    00000088                 : pin.obj (.text:PinConfigSet)
                  20007f68    00000088     pin_mux_config.obj (.text)
                  20007ff0    00000088     rtsv7M4_T_le_eabi.lib : vsnprintf.obj (.text)
                  20008078    00000086                           : fd_cmp_t2.obj (.text:__aeabi_cdcmple)
                  200080fe    00000086                           : fd_cmp_t2.obj (.text:__aeabi_cdrcmple)
                  20008184    0000007a                           : memset_t2.obj (.text)
                  200081fe    00000076     driverlib.a : uart.obj (.text:UARTConfigSetExpClk)
                  20008274    0000006c     rtsv7M4_T_le_eabi.lib : autoinit.obj (.text)
                  200082e0    0000006a                           : copy_decompress_rle.obj (.text)
                  2000834a    00000066                           : xdunscal.obj (.text)
                  200083b0    00000058     driverlib.a : prcm.obj (.text:PRCMPeripheralReset)
                  20008408    00000056     rtsv7M4_T_le_eabi.lib : ltoa.obj (.text)
                  2000845e    00000002     --HOLE-- [fill = 0]
                  20008460    0000004c                           : atoi.obj (.text)
                  200084ac    0000004c                           : cpy_tbl.obj (.text)
                  200084f8    00000048                           : fd_toi_t2.obj (.text)
                  20008540    00000046                           : ldexp.obj (.text)
                  20008586    00000002     --HOLE-- [fill = 0]
                  20008588    00000044                           : exit.obj (.text)
                  200085cc    00000040     driverlib.a : pin.obj (.text:PinModeSet)
                  2000860c    00000040     rtsv7M4_T_le_eabi.lib : signal.obj (.text)
                  2000864c    0000003c     driverlib.a : prcm.obj (.text:PRCMPeripheralClkEnable)
                  20008688    0000003c     rtsv7M4_T_le_eabi.lib : boot.obj (.text)
                  200086c4    00000036     driverlib.a : gpio.obj (.text:GPIODirModeSet)
                  200086fa    00000002     --HOLE-- [fill = 0]
                  200086fc    00000034     rtsv7M4_T_le_eabi.lib : feraiseexcept.obj (.text)
                  20008730    00000030     driverlib.a : pin.obj (.text:PinTypeGPIO)
                  20008760    00000030                 : uart.obj (.text:UARTDisable)
                  20008790    00000030     rtsv7M4_T_le_eabi.lib : xferaise.obj (.text)
                  200087c0    0000002e                           : i_tofd_t2.obj (.text)
                  200087ee    0000002e                           : raise.obj (.text)
                  2000881c    0000002c     driverlib.a : prcm.obj (.text:PRCMSysResetCauseGet)
                  20008848    0000002a     rtsv7M4_T_le_eabi.lib : xdclass.obj (.text)
                  20008872    00000002     --HOLE-- [fill = 0]
                  20008874    00000028     driverlib.a : prcm.obj (.text:PRCMPeripheralClkDisable)
                  2000889c    00000024                 : uart.obj (.text:UARTEnable)
                  200088c0    00000024     rtsv7M4_T_le_eabi.lib : memmov.obj (.text)
                  200088e4    00000022     driverlib.a : spi.obj (.text:SPIReset)
                  20008906    00000022     rtsv7M4_T_le_eabi.lib : frexp.obj (.text)
                  20008928    00000020     driverlib.a : gpio.obj (.text:GPIOPinWrite)
                  20008948    00000020                 : spi.obj (.text:SPIDataGet)
                  20008968    0000001e                 : spi.obj (.text:SPIDataPut)
                  20008986    0000001e                 : uart.obj (.text:UARTCharPut)
                  200089a4    0000001c                 : uart.obj (.text:UARTCharGetNonBlocking)
                  200089c0    0000001c     rtsv7M4_T_le_eabi.lib : memccpy.obj (.text)
                  200089dc    0000001a     driverlib.a : pin.obj (.text:PinTypeSPI)
                  200089f6    0000001a                 : pin.obj (.text:PinTypeUART)
                  20008a10    0000001a                 : spi.obj (.text:SPIFIFOEnable)
                  20008a2a    00000018                 : spi.obj (.text:SPICSDisable)
                  20008a42    00000018                 : spi.obj (.text:SPICSEnable)
                  20008a5a    00000018                 : spi.obj (.text:SPIEnable)
                  20008a72    00000018                 : uart.obj (.text:UARTCharsAvail)
                  20008a8a    00000002     --HOLE-- [fill = 0]
                  20008a8c    00000018     rtsv7M4_T_le_eabi.lib : args_main.obj (.text)
                  20008aa4    00000016     driverlib.a : prcm.obj (.text:PRCMHIBRegRead)
                  20008aba    00000016                 : prcm.obj (.text:PRCMHIBRegWrite)
                  20008ad0    00000016     rtsv7M4_T_le_eabi.lib : strchr.obj (.text)
                  20008ae6    00000014     driverlib.a : cpu.obj (.text:CPUcpsie)
                  20008afa    00000002     --HOLE-- [fill = 0]
                  20008afc    00000014                 : interrupt.obj (.text:IntVTableBaseSet)
                  20008b10    00000014     rtsv7M4_T_le_eabi.lib : _lock.obj (.text)
                  20008b24    00000014                           : strlen.obj (.text)
                  20008b38    0000000e                           : copy_decompress_none.obj (.text:decompress:none)
                  20008b46    0000000e     startup_ccs.obj (.text)
                  20008b54    0000000c     rtsv7M4_T_le_eabi.lib : copy_zero_init.obj (.text:decompress:ZI)
                  20008b60    0000000a     driverlib.a : interrupt.obj (.text:IntMasterEnable)
                  20008b6a    00000006                 : utils.obj (.text:UtilsDelay)
                  20008b70    00000006     rtsv7M4_T_le_eabi.lib : copy_decompress_rle.obj (.text:decompress:rle24)
                  20008b76    00000004                           : pre_init.obj (.text)

.const     0    20008b7c    00000824     
                  20008b7c    000004fb     Adafruit_GFX.obj (.const:.string:font)
                  20009077    00000101     rtsv7M4_T_le_eabi.lib : ctype.obj (.const:.string:_ctypes_)
                  20009178    00000100     driverlib.a : pin.obj (.const:g_ulPinToPadMap)
                  20009278    000000a8                 : prcm.obj (.const:PRCM_PeriphRegsList)
                  20009320    00000080                 : interrupt.obj (.const)

.cinit     0    200093a0    00000088     
                  200093a0    0000005e     (.cinit..data.load) [load image, compression = rle]
                  200093fe    00000002     --HOLE-- [fill = 0]
                  20009400    0000000c     (__TI_handler_table)
                  2000940c    00000004     --HOLE-- [fill = 0]
                  20009410    00000008     (.cinit..bss.load) [load image, compression = zero_init]
                  20009418    00000010     (__TI_cinit_table)

.sysmem    0    20017000    00000800     UNINITIALIZED
                  20017000    00000008     rtsv7M4_T_le_eabi.lib : memory.obj (.sysmem)
                  20017008    000007f8     --HOLE--

.data      0    20017800    00000174     UNINITIALIZED
                  20017800    000000b0     rtsv7M4_T_le_eabi.lib : signal.obj (.data:sigtable)
                  200178b0    00000080                           : xvalues.obj (.data)
                  20017930    00000015     Adafruit_GFX.obj (.data)
                  20017945    00000003     --HOLE--
                  20017948    0000000c     rtsv7M4_T_le_eabi.lib : memory.obj (.data)
                  20017954    00000008                           : _lock.obj (.data)
                  2001795c    00000008                           : exit.obj (.data)
                  20017964    00000008                           : feraiseexcept.obj (.data)
                  2001796c    00000004                           : errno.obj (.data)
                  20017970    00000004                           : stkdepth_vars.obj (.data)

.TI.persistent 
*          0    20017800    00000000     UNINITIALIZED

.bss       0    20017974    00000004     UNINITIALIZED
                  20017974    00000004     (.common:__Errorlog)

.TI.noinit 
*          0    20017974    00000000     UNINITIALIZED

.stack     0    2002f800    00000800     UNINITIALIZED
                  2002f800    00000800     --HOLE--


LINKER GENERATED COPY TABLES

__TI_cinit_table @ 20009418 records: 2, size/record: 8, table size: 16
	.data: load addr=200093a0, load size=0000005e bytes, run addr=20017800, run size=00000174 bytes, compression=rle
	.bss: load addr=20009410, load size=00000008 bytes, run addr=20017974, run size=00000004 bytes, compression=zero_init


LINKER GENERATED HANDLER TABLE

__TI_handler_table @ 20009400 records: 3, size/record: 4, table size: 12
	index: 0, handler: __TI_decompress_rle24
	index: 1, handler: __TI_decompress_none
	index: 2, handler: __TI_zero_init


GLOBAL SYMBOLS: SORTED ALPHABETICALLY BY Name 

address   name                    
-------   ----                    
2000674d  Adafruit_Init           
20008589  C$$EXIT                 
20008ae7  CPUcpsie                
20006f81  ClearTerm               
200068c3  Color565                
20006f8b  Error                   
200086c5  GPIODirModeSet          
20008929  GPIOPinWrite            
20006fc3  GetCmd                  
20006f41  InitTerm                
20007c69  IntEnable               
20008b61  IntMasterEnable         
20008afd  IntVTableBaseSet        
20006f5f  Message                 
20005e53  Outstr                  
200076ed  PRCMCC3200MCUInit       
20008aa5  PRCMHIBRegRead          
20008abb  PRCMHIBRegWrite         
20008875  PRCMPeripheralClkDisable
2000864d  PRCMPeripheralClkEnable 
20007e4d  PRCMPeripheralClockGet  
200083b1  PRCMPeripheralReset     
2000881d  PRCMSysResetCauseGet    
20007ee1  PinConfigSet            
200085cd  PinModeSet              
20007f69  PinMuxConfig            
20008731  PinTypeGPIO             
200089dd  PinTypeSPI              
200089f7  PinTypeUART             
20007101  Report                  
20008b47  ResetISR                
UNDEFED   SHT$$INIT_ARRAY$$Base   
UNDEFED   SHT$$INIT_ARRAY$$Limit  
20008a2b  SPICSDisable            
20008a43  SPICSEnable             
20007d11  SPIConfigSetExpClk      
20008949  SPIDataGet              
20008969  SPIDataPut              
20008a5b  SPIEnable               
20008a11  SPIFIFOEnable           
200088e5  SPIReset                
20007069  TrimSpace               
200089a5  UARTCharGetNonBlocking  
20008987  UARTCharPut             
20008a73  UARTCharsAvail          
200081ff  UARTConfigSetExpClk     
20008761  UARTDisable             
2000889d  UARTEnable              
20008b6b  UtilsDelay              
20008849  _Dclass                 
200178b0  _Denorm                 
20007ba9  _Dnorm                  
2000799d  _Dscale                 
2000834b  _Dunscale               
200178c0  _Eps                    
2001796c  _Errno                  
20017964  _Fenv                   
20008791  _Feraise                
200178d0  _Hugeval                
200178e0  _Inf                    
200178f0  _Nan                    
20017910  _Rteps                  
20017900  _Snan                   
20017968  _Tls_setup__Fenv        
20017920  _Xbig                   
20017928  _Zero                   
20030000  __STACK_END             
00000800  __STACK_SIZE            
00000800  __SYSMEM_SIZE           
20009418  __TI_CINIT_Base         
20009428  __TI_CINIT_Limit        
20009400  __TI_Handler_Table_Base 
2000940c  __TI_Handler_Table_Limit
20008275  __TI_auto_init          
2001795c  __TI_cleanup_ptr        
20008b39  __TI_decompress_none    
20008b71  __TI_decompress_rle24   
20017960  __TI_dtors_ptr          
200051a1  __TI_printfi            
200093a0  __TI_static_base__      
20008b55  __TI_zero_init          
20008079  __aeabi_cdcmpeq         
20008079  __aeabi_cdcmple         
200080ff  __aeabi_cdrcmple        
200084f9  __aeabi_d2iz            
200073bf  __aeabi_dadd            
20007865  __aeabi_ddiv            
20007aad  __aeabi_dmul            
200073b5  __aeabi_dsub            
200087c1  __aeabi_i2d             
20008185  __aeabi_memclr          
20008185  __aeabi_memclr4         
20008185  __aeabi_memclr8         
20007db1  __aeabi_memcpy          
20007db1  __aeabi_memcpy4         
20007db1  __aeabi_memcpy8         
20008187  __aeabi_memset          
20008187  __aeabi_memset4         
20008187  __aeabi_memset8         
200071c1  __aeabi_uldivmod        
ffffffff  __binit__               
ffffffff  __c_args__              
2002f800  __stack                 
20008a8d  _args_main              
20008689  _c_int00                
20009077  _ctypes_                
20017954  _lock                   
20008b1f  _nop                    
20008b17  _register_lock          
20008b11  _register_unlock        
20017000  _sys_memory             
20008b77  _system_pre_init        
20017958  _unlock                 
2000858d  abort                   
20008461  atoi                    
ffffffff  binit                   
20006f0d  calloc                  
200084ad  copy_in                 
20017930  cursor_x                
20017934  cursor_y                
20005f29  delay                   
20005f5d  drawAllFont             
20005d07  drawChar                
200054a9  drawCircle              
200055dd  drawCircleHelper        
20006a6d  drawFastHLine           
200069d1  drawFastVLine           
200060d9  drawHorizontalLines     
20005823  drawLine                
20006b09  drawPixel               
2000590f  drawRect                
2000595d  drawRoundRect           
20005ac5  drawTriangle            
20006193  drawVerticalLines       
20008595  exit                    
200086fd  feraiseexcept           
200056fb  fillCircle              
20005735  fillCircleHelper        
2000691b  fillRect                
20005a4b  fillRoundRect           
20006905  fillScreen              
20005b07  fillTriangle            
20006c5b  free                    
20008907  frexp                   
20004000  g_pfnVectors            
2000687f  goTo                    
20005f07  height                  
20006b47  invert                  
20008541  ldexp                   
20008409  ltoa                    
20007585  main                    
20017970  main_func_sp            
20006bf3  malloc                  
20006e29  memalign                
200089c1  memccpy                 
20007db1  memcpy                  
200088c1  memmove                 
2000818d  memset                  
20006b65  minit                   
20005fdd  printHelloWorld         
200087ef  raise                   
20006d1d  realloc                 
20005e9f  setCursor               
20005ed7  setTextColor            
20005eb7  setTextSize             
20005eef  setTextWrap             
2000860d  signal                  
20008ad1  strchr                  
20008b25  strlen                  
20006573  testdrawcircles         
2000649b  testdrawrects           
20006429  testfastlines           
200064fb  testfillcircles         
2000625b  testlines               
200065f3  testroundrects          
2000666b  testtriangles           
20017940  textbgcolor             
2001793c  textcolor               
20017938  textsize                
20007ff1  vsnprintf               
20005f03  width                   
20017944  wrap                    
200066ed  writeCommand            
2000671d  writeData               


GLOBAL SYMBOLS: SORTED BY Symbol Address 

address   name                    
-------   ----                    
00000800  __STACK_SIZE            
00000800  __SYSMEM_SIZE           
20004000  g_pfnVectors            
200051a1  __TI_printfi            
200054a9  drawCircle              
200055dd  drawCircleHelper        
200056fb  fillCircle              
20005735  fillCircleHelper        
20005823  drawLine                
2000590f  drawRect                
2000595d  drawRoundRect           
20005a4b  fillRoundRect           
20005ac5  drawTriangle            
20005b07  fillTriangle            
20005d07  drawChar                
20005e53  Outstr                  
20005e9f  setCursor               
20005eb7  setTextSize             
20005ed7  setTextColor            
20005eef  setTextWrap             
20005f03  width                   
20005f07  height                  
20005f29  delay                   
20005f5d  drawAllFont             
20005fdd  printHelloWorld         
200060d9  drawHorizontalLines     
20006193  drawVerticalLines       
2000625b  testlines               
20006429  testfastlines           
2000649b  testdrawrects           
200064fb  testfillcircles         
20006573  testdrawcircles         
200065f3  testroundrects          
2000666b  testtriangles           
200066ed  writeCommand            
2000671d  writeData               
2000674d  Adafruit_Init           
2000687f  goTo                    
200068c3  Color565                
20006905  fillScreen              
2000691b  fillRect                
200069d1  drawFastVLine           
20006a6d  drawFastHLine           
20006b09  drawPixel               
20006b47  invert                  
20006b65  minit                   
20006bf3  malloc                  
20006c5b  free                    
20006d1d  realloc                 
20006e29  memalign                
20006f0d  calloc                  
20006f41  InitTerm                
20006f5f  Message                 
20006f81  ClearTerm               
20006f8b  Error                   
20006fc3  GetCmd                  
20007069  TrimSpace               
20007101  Report                  
200071c1  __aeabi_uldivmod        
200073b5  __aeabi_dsub            
200073bf  __aeabi_dadd            
20007585  main                    
200076ed  PRCMCC3200MCUInit       
20007865  __aeabi_ddiv            
2000799d  _Dscale                 
20007aad  __aeabi_dmul            
20007ba9  _Dnorm                  
20007c69  IntEnable               
20007d11  SPIConfigSetExpClk      
20007db1  __aeabi_memcpy          
20007db1  __aeabi_memcpy4         
20007db1  __aeabi_memcpy8         
20007db1  memcpy                  
20007e4d  PRCMPeripheralClockGet  
20007ee1  PinConfigSet            
20007f69  PinMuxConfig            
20007ff1  vsnprintf               
20008079  __aeabi_cdcmpeq         
20008079  __aeabi_cdcmple         
200080ff  __aeabi_cdrcmple        
20008185  __aeabi_memclr          
20008185  __aeabi_memclr4         
20008185  __aeabi_memclr8         
20008187  __aeabi_memset          
20008187  __aeabi_memset4         
20008187  __aeabi_memset8         
2000818d  memset                  
200081ff  UARTConfigSetExpClk     
20008275  __TI_auto_init          
2000834b  _Dunscale               
200083b1  PRCMPeripheralReset     
20008409  ltoa                    
20008461  atoi                    
200084ad  copy_in                 
200084f9  __aeabi_d2iz            
20008541  ldexp                   
20008589  C$$EXIT                 
2000858d  abort                   
20008595  exit                    
200085cd  PinModeSet              
2000860d  signal                  
2000864d  PRCMPeripheralClkEnable 
20008689  _c_int00                
200086c5  GPIODirModeSet          
200086fd  feraiseexcept           
20008731  PinTypeGPIO             
20008761  UARTDisable             
20008791  _Feraise                
200087c1  __aeabi_i2d             
200087ef  raise                   
2000881d  PRCMSysResetCauseGet    
20008849  _Dclass                 
20008875  PRCMPeripheralClkDisable
2000889d  UARTEnable              
200088c1  memmove                 
200088e5  SPIReset                
20008907  frexp                   
20008929  GPIOPinWrite            
20008949  SPIDataGet              
20008969  SPIDataPut              
20008987  UARTCharPut             
200089a5  UARTCharGetNonBlocking  
200089c1  memccpy                 
200089dd  PinTypeSPI              
200089f7  PinTypeUART             
20008a11  SPIFIFOEnable           
20008a2b  SPICSDisable            
20008a43  SPICSEnable             
20008a5b  SPIEnable               
20008a73  UARTCharsAvail          
20008a8d  _args_main              
20008aa5  PRCMHIBRegRead          
20008abb  PRCMHIBRegWrite         
20008ad1  strchr                  
20008ae7  CPUcpsie                
20008afd  IntVTableBaseSet        
20008b11  _register_unlock        
20008b17  _register_lock          
20008b1f  _nop                    
20008b25  strlen                  
20008b39  __TI_decompress_none    
20008b47  ResetISR                
20008b55  __TI_zero_init          
20008b61  IntMasterEnable         
20008b6b  UtilsDelay              
20008b71  __TI_decompress_rle24   
20008b77  _system_pre_init        
20009077  _ctypes_                
200093a0  __TI_static_base__      
20009400  __TI_Handler_Table_Base 
2000940c  __TI_Handler_Table_Limit
20009418  __TI_CINIT_Base         
20009428  __TI_CINIT_Limit        
20017000  _sys_memory             
200178b0  _Denorm                 
200178c0  _Eps                    
200178d0  _Hugeval                
200178e0  _Inf                    
200178f0  _Nan                    
20017900  _Snan                   
20017910  _Rteps                  
20017920  _Xbig                   
20017928  _Zero                   
20017930  cursor_x                
20017934  cursor_y                
20017938  textsize                
2001793c  textcolor               
20017940  textbgcolor             
20017944  wrap                    
20017954  _lock                   
20017958  _unlock                 
2001795c  __TI_cleanup_ptr        
20017960  __TI_dtors_ptr          
20017964  _Fenv                   
20017968  _Tls_setup__Fenv        
2001796c  _Errno                  
20017970  main_func_sp            
2002f800  __stack                 
20030000  __STACK_END             
ffffffff  __binit__               
ffffffff  __c_args__              
ffffffff  binit                   
UNDEFED   SHT$$INIT_ARRAY$$Base   
UNDEFED   SHT$$INIT_ARRAY$$Limit  

[184 symbols]
